spawn chrome pid=209264
cdp page {"url":"chrome://newtab/","title":"New Tab"}
navigated http://127.0.0.1:5180/ {"frameId":"10D31525853205F0E47E6A525F1371C8","loaderId":"FD4C1F020DEBFA11D5E0C0BDBA33EE5D"}
boot {"href":"http://127.0.0.1:5180/","ready":"loading","ctx":false,"title":false,"newBtn":false,"scripts":0,"canvas":0,"fatal":null,"fatalText":"","bodyLen":0}
boot {"href":"http://127.0.0.1:5180/","ready":"interactive","ctx":false,"title":false,"newBtn":false,"scripts":3,"canvas":0,"fatal":"none","fatalText":"","bodyLen":989}
boot {"href":"http://127.0.0.1:5180/","ready":"complete","ctx":true,"title":false,"newBtn":false,"scripts":3,"canvas":1,"sys":"freehold","paused":true,"fatal":"none","fatalText":"","bodyLen":70022}
origin {"text":"FORE\nAFT\nSCREEN\nSHELL\nHULL\nSPD\n0u/s\nWPN\nΓÇö\nPLANT\nSTRAIN\nENGINE\nOK\nFLIGHT\nTHR\nBURN\nREADY\nDRIFT\nREADY\nHEAT\nSTRAIN\n0%\nBIO\nSERENE\nHUNGER\nWOUNDS\nECHOES\n0\nPOS\nΓÇö\nΓÇö\nMANIFEST\nUU\n0\nFEAR\n0\nCARGO\n0/0\nCONTROLS Γû╛\nMouse ΓÇö steer toward reticle\nW/S ΓÇö vertical strafe (W = up)\nA/D ΓÇö lateral strafe (D = right)\nQ/E ΓÇö roll left / right (set your up)\nR/F (hold) ΓÇö throttle up / down ┬╖ double-tap F ΓÇö full stop\nSpace ΓÇö afte","origin":true,"paused":true}
play {"paused":false,"ship":true,"player":true}
jump {"sys":"freehold","jumping":false}
jump {"sys":"freehold","jumping":true}
jump {"sys":"freehold","jumping":true}
jump {"sys":"freehold","jumping":true}
jump {"sys":"freehold","jumping":true}
jump {"sys":"freehold","jumping":true}
jump {"sys":"freehold","jumping":true}
jump {"sys":"freehold","jumping":true}
jump {"sys":"freehold","jumping":true}
jump {"sys":"bt_cradle","jumping":true}
jump {"sys":"bt_cradle","jumping":true}
jump {"sys":"bt_cradle","jumping":true}
jump {"sys":"bt_cradle","jumping":true}
jump {"sys":"bt_cradle","jumping":true}
jump {"sys":"bt_cradle","jumping":true}
jump {"sys":"bt_cradle","jumping":true}
jump {"sys":"bt_cradle","jumping":true}
jump {"sys":"bt_cradle","jumping":false}
dock {"docked":false,"display":"none","text":""}
dock {"docked":true,"display":"flex","text":"THE CRADLEBEAUTIFUL ONES ┬╖ BERTH 7ΓÇ£sheΓÇ¥ made fastCREDITS 350 UU ┬╖ HOLD 0/201 ΓÇö Market2 ΓÇö Jobs board3 ΓÇö Bar4 ΓÇö Feed & tend5 ΓÇö Repair6 ΓÇö Outfitting7 ΓÇö People8 ΓÇö Launch9 ΓÇö Standing0 ΓÇö ShipyardBeautiful Ones: Sworn (+50 rep)1-9, 0 select servic"}
menu {"docked":true,"sys":"bt_cradle","faction":"beautiful","rep":50,"credits":350,"hulls":[],"notice":"","buttons":["1 ΓÇö Market","2 ΓÇö Jobs board","3 ΓÇö Bar","4 ΓÇö Feed & tend","5 ΓÇö Repair","6 ΓÇö Outfitting","7 ΓÇö People","8 ΓÇö Launch","9 ΓÇö Standing","0 ΓÇö Shipyard"],"overlayHas":{"papers":false,"confirm":false,"arm":false,"ok":false,"already":false,"full":false,"noGift":false,"sworn":false,"shipyardMenu":true,"shipyard":false,"people":false}}
SHOT 01-dock-menu.png
digit0 {"docked":true,"sys":"bt_cradle","faction":"beautiful","rep":50,"credits":350,"mountedId":"hull_starter","hulls":[{"id":"hull_starter","hullKind":"living","classKey":"light","faction":"independent"}],"playerKind":"living","notice":"","buttons":["ΓåÉ Back (Esc)","1 ΓÇö Hangar","2 ΓÇö Yard","3 ΓÇö Mount","Train hull"],"overlayHas":{"papers":false,"confirm":false,"arm":false,"ok":false,"already":false,"full":false,"noGift":false,"sworn":false,"shipyardMenu":false,"shipyard":true,"people":false}}
SHOT 02-digit0-shipyard.png
people-rank10 {"docked":true,"sys":"bt_cradle","faction":"beautiful","rep":10,"credits":350,"mountedId":"hull_starter","hulls":[{"id":"hull_starter","hullKind":"living","classKey":"light","faction":"independent"}],"playerKind":"living","notice":"","buttons":["ΓåÉ Back (Esc)","Ask around","Call in a favor"],"overlayHas":{"papers":false,"confirm":false,"arm":false,"ok":false,"already":false,"full":false,"noGift":false,"sworn":false,"shipyardMenu":false,"shipyard":false,"people":true}}
SHOT 03-people-rank10.png
lowGrant {"ok":false,"reason":"denied","notice":"No gift.","hulls":["hull_starter"]}
people-sworn {"docked":true,"sys":"bt_cradle","faction":"beautiful","rep":50,"credits":350,"mountedId":"hull_starter","hulls":[{"id":"hull_starter","hullKind":"living","classKey":"light","faction":"independent"}],"playerKind":"living","notice":"","buttons":["ΓåÉ Back (Esc)","1 ΓÇö Papers","Ask around","Call in a favor"],"overlayHas":{"papers":true,"confirm":false,"arm":true,"ok":false,"already":false,"full":false,"noGift":false,"sworn":true,"shipyardMenu":false,"shipyard":false,"people":true}}
SHOT 04-people-sworn.png
armed {"docked":true,"sys":"bt_cradle","faction":"beautiful","rep":50,"credits":350,"mountedId":"hull_starter","hulls":[{"id":"hull_starter","hullKind":"living","classKey":"light","faction":"independent"}],"playerKind":"living","notice":"The berth answers. Confirm the sworn gift.","buttons":["ΓåÉ Back (Esc)","Confirm papers","Esc ΓÇö Cancel","Ask around","Call in a favor"],"overlayHas":{"papers":false,"confirm":true,"arm":true,"ok":false,"already":false,"full":false,"noGift":false,"sworn":true,"shipyardMenu":false,"shipyard":false,"people":true}}
SHOT 05-armed-papers.png
digit1-again {"docked":true,"sys":"bt_cradle","faction":"beautiful","rep":50,"credits":350,"mountedId":"hull_starter","hulls":[{"id":"hull_starter","hullKind":"living","classKey":"light","faction":"independent"}],"playerKind":"living","notice":"The berth answers. Confirm the sworn gift.","buttons":["ΓåÉ Back (Esc)","Confirm papers","Esc ΓÇö Cancel","Ask around","Call in a favor"],"overlayHas":{"papers":false,"confirm":true,"arm":true,"ok":false,"already":false,"full":false,"noGift":false,"sworn":true,"shipyardMenu":false,"shipyard":false,"people":true}}
esc-cancel {"docked":true,"sys":"bt_cradle","faction":"beautiful","rep":50,"credits":350,"mountedId":"hull_starter","hulls":[{"id":"hull_starter","hullKind":"living","classKey":"light","faction":"independent"}],"playerKind":"living","notice":"","buttons":["ΓåÉ Back (Esc)","1 ΓÇö Papers","Ask around","Call in a favor"],"overlayHas":{"papers":true,"confirm":false,"arm":true,"ok":false,"already":false,"full":false,"noGift":false,"sworn":true,"shipyardMenu":false,"shipyard":false,"people":true}}
SHOT 06-esc-cancel.png
papersClick true
confirmClick true
granted {"docked":true,"sys":"bt_cradle","faction":"beautiful","rep":50,"credits":350,"mountedId":"hull_starter","hulls":[{"id":"hull_starter","hullKind":"living","classKey":"light","faction":"independent"},{"id":"hull_seed_gift","hullKind":"living","classKey":"light","faction":"beautiful"}],"playerKind":"living","notice":"A living seed rests in the hangar.","buttons":["ΓåÉ Back (Esc)","1 ΓÇö Papers","Ask around","Call in a favor"],"overlayHas":{"papers":true,"confirm":false,"arm":true,"ok":true,"already":false,"full":false,"noGift":false,"sworn":true,"shipyardMenu":false,"shipyard":false,"people":true}}
SHOT 07-gift-ok.png
already {"docked":true,"sys":"bt_cradle","faction":"beautiful","rep":50,"credits":350,"mountedId":"hull_starter","hulls":[{"id":"hull_starter","hullKind":"living","classKey":"light","faction":"independent"},{"id":"hull_seed_gift","hullKind":"living","classKey":"light","faction":"beautiful"}],"playerKind":"living","notice":"You already carry that gift.","buttons":["ΓåÉ Back (Esc)","1 ΓÇö Papers","Ask around","Call in a favor"],"overlayHas":{"papers":true,"confirm":false,"arm":true,"ok":false,"already":true,"full":false,"noGift":false,"sworn":true,"shipyardMenu":false,"shipyard":false,"people":true}}
SHOT 08-already.png
menu-after-gift {"docked":false,"sys":"bt_cradle","faction":"beautiful","rep":50,"credits":350,"mountedId":"hull_starter","hulls":[{"id":"hull_starter","hullKind":"living","classKey":"light","faction":"independent"},{"id":"hull_seed_gift","hullKind":"living","classKey":"light","faction":"beautiful"}],"playerKind":"living","notice":"","buttons":["1 ΓÇö Market","2 ΓÇö Jobs board","3 ΓÇö Bar","4 ΓÇö Feed & tend","5 ΓÇö Repair","6 ΓÇö Outfitting","7 ΓÇö People","8 ΓÇö Launch","9 ΓÇö Standing","0 ΓÇö Shipyard"],"overlayHas":{"papers":false,"confirm":false,"arm":false,"ok":false,"already":false,"full":false,"noGift":false,"sworn":false,"shipyardMenu":true,"shipyard":false,"people":false}}
digit0-after-gift {"docked":false,"sys":"bt_cradle","faction":"beautiful","rep":50,"credits":350,"mountedId":"hull_starter","hulls":[{"id":"hull_starter","hullKind":"living","classKey":"light","faction":"independent"},{"id":"hull_seed_gift","hullKind":"living","classKey":"light","faction":"beautiful"}],"playerKind":"living","notice":"","buttons":["1 ΓÇö Market","2 ΓÇö Jobs board","3 ΓÇö Bar","4 ΓÇö Feed & tend","5 ΓÇö Repair","6 ΓÇö Outfitting","7 ΓÇö People","8 ΓÇö Launch","9 ΓÇö Standing","0 ΓÇö Shipyard"],"overlayHas":{"papers":false,"confirm":false,"arm":false,"ok":false,"already":false,"full":false,"noGift":false,"sworn":false,"shipyardMenu":true,"shipyard":false,"people":false}}
SHOT 09-digit0-after-gift.png
full-armed {"docked":false,"sys":"bt_cradle","faction":"beautiful","rep":50,"credits":350,"mountedId":"hull_starter","hulls":[{"id":"hull_starter","hullKind":"living","classKey":"light","faction":"independent"},{"id":"hull_fill_1","hullKind":"living","classKey":"light","faction":"independent"},{"id":"hull_fill_2","hullKind":"living","classKey":"light","faction":"independent"},{"id":"hull_fill_3","hullKind":"living","classKey":"light","faction":"independent"},{"id":"hull_fill_4","hullKind":"living","classKey":"light","faction":"independent"},{"id":"hull_fill_5","hullKind":"living","classKey":"light","faction":"independent"},{"id":"hull_fill_6","hullKind":"living","classKey":"light","faction":"independent"},{"id":"hull_fill_7","hullKind":"living","classKey":"light","faction":"independent"}],"playerKind":"living","notice":"","buttons":["1 ΓÇö Market","2 ΓÇö Jobs board","3 ΓÇö Bar","4 ΓÇö Feed & tend","5 ΓÇö Repair","6 ΓÇö Outfitting","7 ΓÇö People","8 ΓÇö Launch","9 ΓÇö Standing","0 ΓÇö Shipyard"],"overlayHas":{"papers":false,"confirm":false,"arm":false,"ok":false,"already":false,"full":false,"noGift":false,"sworn":false,"shipyardMenu":true,"shipyard":false,"people":false}}
full-refuse {"docked":false,"sys":"bt_cradle","faction":"beautiful","rep":50,"credits":350,"mountedId":"hull_starter","hulls":[{"id":"hull_starter","hullKind":"living","classKey":"light","faction":"independent"},{"id":"hull_fill_1","hullKind":"living","classKey":"light","faction":"independent"},{"id":"hull_fill_2","hullKind":"living","classKey":"light","faction":"independent"},{"id":"hull_fill_3","hullKind":"living","classKey":"light","faction":"independent"},{"id":"hull_fill_4","hullKind":"living","classKey":"light","faction":"independent"},{"id":"hull_fill_5","hullKind":"living","classKey":"light","faction":"independent"},{"id":"hull_fill_6","hullKind":"living","classKey":"light","faction":"independent"},{"id":"hull_fill_7","hullKind":"living","classKey":"light","faction":"independent"}],"playerKind":"living","notice":"","buttons":["1 ΓÇö Market","2 ΓÇö Jobs board","3 ΓÇö Bar","4 ΓÇö Feed & tend","5 ΓÇö Repair","6 ΓÇö Outfitting","7 ΓÇö People","8 ΓÇö Launch","9 ΓÇö Standing","0 ΓÇö Shipyard"],"overlayHas":{"papers":false,"confirm":false,"arm":false,"ok":false,"already":false,"full":false,"noGift":false,"sworn":false,"shipyardMenu":true,"shipyard":false,"people":false}}
SHOT 10-full-refuse.png
SUMMARY {"ok":false,"checks":{"digit0Label":true,"digit0Shipyard":true,"rankHide":true,"rankNoGift":true,"papersVisible":true,"armed":true,"digit1DoesNotConfirm":true,"escNoWrite":true,"giftRow":true,"noGraft":true,"noRemount":true,"giftNotice":true,"creditsSame":true,"already":true,"digit0StillLabel":true,"digit0AfterGift":false,"fullRefuse":false,"noGiftConsole":true},"errors":[],"env":null,"consoleErrs":[],"giftErrs":[],"failed":["digit0AfterGift","fullRefuse"]}
