PASS notes.array
PASS notes.strings
PASS notes.leaveLine
PASS notes.coverLine
PASS notes.jumpLine
PASS notes.huntMinus10
PASS notes.yardsBelow0
PASS notes.restitution
PASS notes.locker
PASS notes.graft
PASS notes.aceKnown
PASS notes.frigateTrusted
PASS notes.leaveBand
PASS notes.coverKnown
PASS notes.jumpMarked
PASS notes.jumpSkip
PASS notes.dockOpen
PASS notes.noInnerHTML
PASS notes.noProtoKey
PASS copy.leave
PASS copy.cover
PASS copy.jump
PASS copy.leaveRadius
PASS copy.coverMin
PASS copy.jumpStanding
PASS copy.jumpSkip
PASS src.usesLeaveConst
PASS src.usesCoverConst
PASS src.usesJumpConst
PASS src.notesNoInnerHTML
PASS src.notesNoProtoFaction
PASS src.renderTextContent
PASS src.hUsesTextContent
PASS src.noStandingInnerHTML
PASS digit0.shipyard
PASS digit9.epics
PASS digit0.notThisPane
PASS src.digitBindUntouched
PASS src.leaveUntouched
PASS src.coverUntouched
PASS src.jumpUntouched
PROBE PASS true
