C:\Projects\WebSim\scripts\build-ship-assets.py:85: DeprecationWarning: 'Material.use_nodes' is expected to be removed in Blender 6.0
  value.use_nodes = True
INFO Draco is available, use library at C:\Program Files\Blender Foundation\Blender 5.2\5.2\scripts\addons_core\io_scene_gltf2\bf_intern_draco_bridge.dll
INFO MeshOptimizer is available, use library at C:\Program Files\Blender Foundation\Blender 5.2\5.2\scripts\addons_core\io_scene_gltf2\bf_intern_meshopt_bridge.dll
02:52:21 | INFO: Starting glTF 2.0 export
02:52:21 | INFO: Extracting primitive: Sphere.070
02:52:21 | INFO: Primitives created: 1
02:52:21 | INFO: Extracting primitive: Sphere.326
02:52:21 | INFO: Primitives created: 1
02:52:21 | INFO: Extracting primitive: frigate.hull
02:52:21 | INFO: Primitives created: 1
02:52:21 | INFO: Finished glTF 2.0 export in 0.3662984371185303 s

built beautiful/frigate/lod0
C:\Projects\WebSim\scripts\build-ship-assets.py:85: DeprecationWarning: 'Material.use_nodes' is expected to be removed in Blender 6.0
  value.use_nodes = True
Info: Saved as "frigate.blend"
02:52:31 | INFO: Starting glTF 2.0 export
02:52:31 | INFO: Extracting primitive: Sphere.044
02:52:31 | INFO: Primitives created: 1
02:52:31 | INFO: Extracting primitive: Sphere.178
02:52:31 | INFO: Primitives created: 1
02:52:31 | INFO: Extracting primitive: frigate.hull
02:52:31 | INFO: Primitives created: 1
02:52:31 | INFO: Finished glTF 2.0 export in 0.16145634651184082 s

built beautiful/frigate/lod1
02:52:33 | INFO: Starting glTF 2.0 export
02:52:33 | INFO: Extracting primitive: Sphere.045
02:52:33 | INFO: Primitives created: 1
02:52:33 | INFO: Extracting primitive: Sphere.072
02:52:33 | INFO: Primitives created: 1
02:52:33 | INFO: Extracting primitive: frigate.hull
02:52:33 | INFO: Primitives created: 1
02:52:33 | INFO: Finished glTF 2.0 export in 0.07028603553771973 s

built beautiful/frigate/lod2
Blender 5.2.0 LTS (hash fbe6228777e7 built 2026-07-14 01:35:40)

Blender quit
