C:\Projects\WebSim\scripts\build-ship-assets.py:85: DeprecationWarning: 'Material.use_nodes' is expected to be removed in Blender 6.0
  value.use_nodes = True
INFO Draco is available, use library at C:\Program Files\Blender Foundation\Blender 5.2\5.2\scripts\addons_core\io_scene_gltf2\bf_intern_draco_bridge.dll
INFO MeshOptimizer is available, use library at C:\Program Files\Blender Foundation\Blender 5.2\5.2\scripts\addons_core\io_scene_gltf2\bf_intern_meshopt_bridge.dll
02:51:11 | INFO: Starting glTF 2.0 export
02:51:11 | INFO: Extracting primitive: Cylinder.006
02:51:11 | INFO: Primitives created: 1
02:51:11 | INFO: Extracting primitive: Sphere.093
02:51:11 | INFO: Primitives created: 1
02:51:11 | INFO: Extracting primitive: ace.hull
02:51:11 | INFO: Primitives created: 1
02:51:11 | INFO: Finished glTF 2.0 export in 0.3133366107940674 s

built beautiful/ace/lod0
C:\Projects\WebSim\scripts\build-ship-assets.py:85: DeprecationWarning: 'Material.use_nodes' is expected to be removed in Blender 6.0
  value.use_nodes = True
Info: Saved as "ace.blend"
02:51:13 | INFO: Starting glTF 2.0 export
02:51:13 | INFO: Extracting primitive: Cylinder.006
02:51:13 | INFO: Primitives created: 1
02:51:13 | INFO: Extracting primitive: Sphere.055
02:51:13 | INFO: Primitives created: 1
02:51:13 | INFO: Extracting primitive: ace.hull
02:51:13 | INFO: Primitives created: 1
02:51:13 | INFO: Finished glTF 2.0 export in 0.057482242584228516 s

built beautiful/ace/lod1
02:51:13 | INFO: Starting glTF 2.0 export
02:51:13 | INFO: Extracting primitive: Cylinder.004
02:51:13 | INFO: Primitives created: 1
02:51:13 | INFO: Extracting primitive: Sphere.019
02:51:13 | INFO: Primitives created: 1
02:51:13 | INFO: Extracting primitive: ace.hull
02:51:13 | INFO: Primitives created: 1
02:51:13 | INFO: Finished glTF 2.0 export in 0.04704141616821289 s

built beautiful/ace/lod2
Blender 5.2.0 LTS (hash fbe6228777e7 built 2026-07-14 01:35:40)

Blender quit
