C:\Projects\WebSim\scripts\build-ship-assets.py:85: DeprecationWarning: 'Material.use_nodes' is expected to be removed in Blender 6.0
  value.use_nodes = True
INFO Draco is available, use library at C:\Program Files\Blender Foundation\Blender 5.2\5.2\scripts\addons_core\io_scene_gltf2\bf_intern_draco_bridge.dll
INFO MeshOptimizer is available, use library at C:\Program Files\Blender Foundation\Blender 5.2\5.2\scripts\addons_core\io_scene_gltf2\bf_intern_meshopt_bridge.dll
02:53:12 | INFO: Starting glTF 2.0 export
02:53:12 | INFO: Extracting primitive: Sphere.009
02:53:12 | INFO: Primitives created: 1
02:53:12 | INFO: Extracting primitive: Sphere.274
02:53:12 | INFO: Primitives created: 1
02:53:12 | INFO: Extracting primitive: body-main
02:53:12 | INFO: Primitives created: 1
02:53:12 | INFO: Finished glTF 2.0 export in 0.3336350917816162 s

built beautiful/freighter/lod0
C:\Projects\WebSim\scripts\build-ship-assets.py:85: DeprecationWarning: 'Material.use_nodes' is expected to be removed in Blender 6.0
  value.use_nodes = True
Info: Saved as "freighter.blend"
02:53:23 | INFO: Starting glTF 2.0 export
02:53:23 | INFO: Extracting primitive: Sphere.008
02:53:23 | INFO: Primitives created: 1
02:53:23 | INFO: Extracting primitive: Sphere.240
02:53:23 | INFO: Primitives created: 1
02:53:23 | INFO: Extracting primitive: body-main
02:53:23 | INFO: Primitives created: 1
02:53:23 | INFO: Finished glTF 2.0 export in 0.14531636238098145 s

built beautiful/freighter/lod1
02:53:24 | INFO: Starting glTF 2.0 export
02:53:24 | INFO: Extracting primitive: Sphere.007
02:53:24 | INFO: Primitives created: 1
02:53:24 | INFO: Extracting primitive: Sphere.066
02:53:24 | INFO: Primitives created: 1
02:53:24 | INFO: Extracting primitive: body-main
02:53:24 | INFO: Primitives created: 1
02:53:24 | INFO: Finished glTF 2.0 export in 0.06316757202148438 s

built beautiful/freighter/lod2
02:53:25 | INFO: Starting glTF 2.0 export
02:53:25 | INFO: Extracting primitive: Sphere.003
02:53:25 | INFO: Primitives created: 1
02:53:25 | INFO: Extracting primitive: Sphere.005
02:53:25 | INFO: Primitives created: 1
02:53:25 | INFO: Extracting primitive: body-main
02:53:25 | INFO: Primitives created: 1
02:53:25 | INFO: Finished glTF 2.0 export in 0.05197024345397949 s

built beautiful/freighter/lod3
Blender 5.2.0 LTS (hash fbe6228777e7 built 2026-07-14 01:35:40)

Blender quit
