{
  "canTransit.veridian": true,
  "canTransit.hubHearth": true,
  "canTransit.noPhantomVdSurvey": true,
  "canTransit.hearthBack": true,
  "canTransit.hearthNoReverseHubOnly": true,
  "bfs.veridian.localGate": true,
  "bfs.hearth.hubRoute": true,
  "bfs.vdSurvey.viaVeridian": true,
  "sanitize.healPhantomHop": true,
  "authored.veridian": true,
  "authored.hub": true,
  "live.veridian.matchesAuthored": true,
  "live.hub.matchesAuthored": true,
  "live.noPhantomVdSurvey": true,
  "resolveNavGatePos.live": true,
  "guidance.pos.liveVeridian": true,
  "engage.veridian": true,
  "zone.jumpRequested.veridian": true,
  "ap.noJumpEmit": true,
  "gate.soleJumpEmit": true,
  "gate.cycleStopsOnHop": true,
  "ctx.noLiteral": true,
  "noInner": true,
  "bfs.haven.hubHop": true,
  "live.haven.isHub": true,
  "engage.haven": true,
  "hub.cycleHitsHop": true,
  "hub.jumpRequested.haven": true,
  "hub.noSpinDisengage": true
}
AP PATH PROBE PASS
