wave85 chart probe: {
  "chartOpenDefault": true,
  "setOpenWrites": true,
  "fireHeldGate": true,
  "noPrevent": true,
  "noInnerHTML": true,
  "hitDisc": true,
  "hubRingNone": true,
  "plotClass": true,
  "clearButton": true,
  "noMystery": true,
  "noLock": true,
  "keyM": true,
  "digit0": true,
  "initOrder": true,
  "noJumpListen": true,
  "fieldsNav": true,
  "offPathBlocked": true,
  "destArrival": true,
  "firstRecalc": true,
  "plotEcho": true,
  "clearEcho": true,
  "blockedEcho": true,
  "updatedEcho": true,
  "arrivedEcho": true,
  "noAutopilotChannel": true,
  "sanitizeStill": true
}
WAVE85 CHART PROBE PASS
