C:\Projects\WebSim\scripts\build-ship-assets.py:85: DeprecationWarning: 'Material.use_nodes' is expected to be removed in Blender 6.0
  value.use_nodes = True
INFO Draco is available, use library at C:\Program Files\Blender Foundation\Blender 5.2\5.2\scripts\addons_core\io_scene_gltf2\bf_intern_draco_bridge.dll
INFO MeshOptimizer is available, use library at C:\Program Files\Blender Foundation\Blender 5.2\5.2\scripts\addons_core\io_scene_gltf2\bf_intern_meshopt_bridge.dll
00:25:27 | INFO: Starting glTF 2.0 export
00:25:27 | INFO: Extracting primitive: Sphere.002
00:25:27 | INFO: Primitives created: 1
00:25:27 | INFO: Extracting primitive: Sphere.080
00:25:27 | INFO: Primitives created: 1
00:25:27 | INFO: Extracting primitive: heavy-body
00:25:27 | INFO: Primitives created: 1
00:25:27 | INFO: Finished glTF 2.0 export in 0.435039758682251 s

built beautiful/heavy/lod0
C:\Projects\WebSim\scripts\build-ship-assets.py:85: DeprecationWarning: 'Material.use_nodes' is expected to be removed in Blender 6.0
  value.use_nodes = True
Info: Saved as "heavy.blend"
00:25:31 | INFO: Starting glTF 2.0 export
00:25:31 | INFO: Extracting primitive: Sphere.002
00:25:31 | INFO: Primitives created: 1
00:25:31 | INFO: Extracting primitive: Sphere.025
00:25:31 | INFO: Primitives created: 1
00:25:31 | INFO: Extracting primitive: heavy-body
00:25:31 | INFO: Primitives created: 1
00:25:31 | INFO: Finished glTF 2.0 export in 0.05301356315612793 s

built beautiful/heavy/lod1
00:25:32 | INFO: Starting glTF 2.0 export
00:25:32 | INFO: Extracting primitive: Cylinder.009
00:25:32 | INFO: Primitives created: 1
00:25:32 | INFO: Extracting primitive: Sphere.008
00:25:32 | INFO: Primitives created: 1
00:25:32 | INFO: Extracting primitive: heavy-body
00:25:32 | INFO: Primitives created: 1
00:25:32 | INFO: Finished glTF 2.0 export in 0.07257413864135742 s

built beautiful/heavy/lod2
Blender 5.2.0 LTS (hash fbe6228777e7 built 2026-07-14 01:35:40)

Blender quit
