C:\Projects\WebSim\scripts\build-ship-assets.py:85: DeprecationWarning: 'Material.use_nodes' is expected to be removed in Blender 6.0
  value.use_nodes = True
INFO Draco is available, use library at C:\Program Files\Blender Foundation\Blender 5.2\5.2\scripts\addons_core\io_scene_gltf2\bf_intern_draco_bridge.dll
INFO MeshOptimizer is available, use library at C:\Program Files\Blender Foundation\Blender 5.2\5.2\scripts\addons_core\io_scene_gltf2\bf_intern_meshopt_bridge.dll
00:29:37 | INFO: Starting glTF 2.0 export
00:29:37 | INFO: Extracting primitive: Sphere.002
00:29:37 | INFO: Primitives created: 1
00:29:37 | INFO: Extracting primitive: Sphere.080
00:29:37 | INFO: Primitives created: 1
00:29:37 | INFO: Extracting primitive: heavy-body
00:29:37 | INFO: Primitives created: 1
00:29:37 | INFO: Finished glTF 2.0 export in 0.48336362838745117 s

built beautiful/heavy/lod0
C:\Projects\WebSim\scripts\build-ship-assets.py:85: DeprecationWarning: 'Material.use_nodes' is expected to be removed in Blender 6.0
  value.use_nodes = True
Info: Saved as "heavy.blend"
00:29:44 | INFO: Starting glTF 2.0 export
00:29:44 | INFO: Extracting primitive: Sphere.002
00:29:44 | INFO: Primitives created: 1
00:29:44 | INFO: Extracting primitive: Sphere.025
00:29:44 | INFO: Primitives created: 1
00:29:44 | INFO: Extracting primitive: heavy-body
00:29:44 | INFO: Primitives created: 1
00:29:44 | INFO: Finished glTF 2.0 export in 0.1541757583618164 s

built beautiful/heavy/lod1
00:29:46 | INFO: Starting glTF 2.0 export
00:29:46 | INFO: Extracting primitive: Cylinder.009
00:29:46 | INFO: Primitives created: 1
00:29:46 | INFO: Extracting primitive: Sphere.008
00:29:46 | INFO: Primitives created: 1
00:29:46 | INFO: Extracting primitive: heavy-body
00:29:46 | INFO: Primitives created: 1
00:29:47 | INFO: Finished glTF 2.0 export in 0.21509838104248047 s

built beautiful/heavy/lod2
Blender 5.2.0 LTS (hash fbe6228777e7 built 2026-07-14 01:35:40)

Blender quit
