PASS edge.double.secondAlready {"ok":false,"reason":"already"}
PASS edge.double.firstOk
PASS edge.double.credits
PASS edge.double.standingCap
PASS edge.double.stillGrafted
PASS edge.double.apiRefuse
PASS edge.proto.ownBeautiful
PASS edge.proto.inheritedUntouched
PASS edge.proto.noConstructorWrite
PASS edge.proto.pollutionOwnWrite
PASS edge.proto.pollutionNotInheritedRead
PASS edge.constructor.unwritten
PASS edge.constructor.toStringUnwritten
PASS edge.constructor.beautifulCap
PASS edge.beautiful.failClosed {"ok":false,"reason":"banner"}
PASS edge.beautiful.noFlag
PASS edge.beautiful.standing
PASS edge.beautiful.credits
PASS edge.parked.cap
PASS edge.parked.any
PASS edge.parked.mountedLiving
PASS edge.parked.rowKept
PASS edge.livingTamper.dropRow
PASS edge.livingTamper.noCap
PASS edge.livingTamper.any
PASS edge.livingTamper.playerHeal
PASS edge.livingTamper.afterFlightNoCap
PASS edge.cancel.graftFirst
PASS edge.cancel.yardStillArmed
PASS edge.cancel.yardSecond
PASS edge.digit.swallowed
PASS edge.digit.noGraft
PASS edge.digit.standing
PASS edge.digit.credits
PASS edge.destroyed.refuse
PASS edge.hud.builtGraftedMech
PASS edge.hud.livingStillBio
PASS edge.src.noInnerHTML.hangar
PASS edge.src.noInnerHTML.desk
PASS edge.src.noInnerHTML.station
PASS edge.src.hangar.noCredits
PASS edge.src.desk.noDebit
PASS edge.src.desk.no900
PASS edge.src.graftMounted.noRemount
PASS edge.src.warnBeforeConfirm
PASS edge.src.offerDoesNotGraft
PASS edge.src.warnText
PASS edge.src.warnReduced
PASS edge.src.hTextContent
PASS edge.src.escCallsCancel
PASS edge.src.digitsSwallow
PASS edge.src.flightHealOrder
PASS edge.src.hudNoWriteKind
PASS edge.src.ctxNoNewEvents
PASS edge.src.npcHostile
PASS edge.src.hangarHostile
PASS edge.src.noForInRep
PASS edge.kind.staysBuilt
PASS
