ok dest.light
ok dest.cutter
ok dest.heavy
ok dest.frigate
ok dest.proto
ok price.reuse
ok price.zero
ok train.ok
ok train.class
ok train.kind
ok train.mounted
ok train.cargo
ok train.hold
ok train.envelope
ok train.debit
ok train.stand
ok train.bio
ok train.remount
ok growth.noTrain
ok train.cutter
ok hostile
ok credits
ok unk.row
ok unk.player
ok graft.built
ok frigate
ok banner
ok full.inPlace
ok combat
ok gift.intact
ok digit.swallow
ok pane.clear
ok cancel
ok src.noInner
ok src.noNewField
ok src.growth
ok src.gift
ok src.noFrigateSku
ok src.envelope
ok src.noSwitch
PROBE PASS
