C:\Projects\WebSim\scripts\build-ship-assets.py:85: DeprecationWarning: 'Material.use_nodes' is expected to be removed in Blender 6.0
  value.use_nodes = True
INFO Draco is available, use library at C:\Program Files\Blender Foundation\Blender 5.2\5.2\scripts\addons_core\io_scene_gltf2\bf_intern_draco_bridge.dll
INFO MeshOptimizer is available, use library at C:\Program Files\Blender Foundation\Blender 5.2\5.2\scripts\addons_core\io_scene_gltf2\bf_intern_meshopt_bridge.dll
03:10:49 | INFO: Starting glTF 2.0 export
03:10:49 | INFO: Extracting primitive: Sphere.070
03:10:49 | INFO: Primitives created: 1
03:10:49 | INFO: Extracting primitive: Sphere.326
03:10:49 | INFO: Primitives created: 1
03:10:49 | INFO: Extracting primitive: frigate.hull
03:10:49 | INFO: Primitives created: 1
03:10:49 | INFO: Finished glTF 2.0 export in 0.4923698902130127 s

built beautiful/frigate/lod0
C:\Projects\WebSim\scripts\build-ship-assets.py:85: DeprecationWarning: 'Material.use_nodes' is expected to be removed in Blender 6.0
  value.use_nodes = True
Info: Saved as "frigate.blend"
03:10:58 | INFO: Starting glTF 2.0 export
03:10:58 | INFO: Extracting primitive: Sphere.044
03:10:58 | INFO: Primitives created: 1
03:10:58 | INFO: Extracting primitive: Sphere.178
03:10:58 | INFO: Primitives created: 1
03:10:58 | INFO: Extracting primitive: frigate.hull
03:10:59 | INFO: Primitives created: 1
03:10:59 | INFO: Finished glTF 2.0 export in 0.15043258666992188 s

built beautiful/frigate/lod1
03:11:00 | INFO: Starting glTF 2.0 export
03:11:00 | INFO: Extracting primitive: Sphere.045
03:11:00 | INFO: Primitives created: 1
03:11:00 | INFO: Extracting primitive: Sphere.072
03:11:00 | INFO: Primitives created: 1
03:11:00 | INFO: Extracting primitive: frigate.hull
03:11:00 | INFO: Primitives created: 1
03:11:00 | INFO: Finished glTF 2.0 export in 0.06317782402038574 s

built beautiful/frigate/lod2
Blender 5.2.0 LTS (hash fbe6228777e7 built 2026-07-14 01:35:40)

Blender quit
