== Beautiful Ones shared-construct smoke probe
  ok   surface.grown_loft                     detail=3  objs=  1 tris=  220  x[ -0.95,  0.95] y[ -0.70,  0.70] z[ -4.00,  4.00]
  ok   surface.grown_loft                     detail=2  objs=  1 tris=  164  x[ -0.95,  0.95] y[ -0.70,  0.70] z[ -4.00,  4.00]
  ok   surface.grown_loft                     detail=1  objs=  1 tris=  108  x[ -0.95,  0.95] y[ -0.70,  0.70] z[ -4.00,  4.00]
  ok   surface.grown_loft                     detail=0  objs=  1 tris=   80  x[ -0.95,  0.95] y[ -0.61,  0.61] z[ -4.00,  4.00]
  ok   anatomy.fusiform_stations              detail=3  objs=  1 tris=  220  x[ -0.95,  0.95] y[ -0.70,  0.70] z[ -4.00,  4.00]
  ok   anatomy.fusiform_stations              detail=2  objs=  1 tris=  164  x[ -0.95,  0.95] y[ -0.70,  0.70] z[ -4.00,  4.00]
  ok   anatomy.fusiform_stations              detail=1  objs=  1 tris=  108  x[ -0.95,  0.95] y[ -0.70,  0.70] z[ -4.00,  4.00]
  ok   anatomy.fusiform_stations              detail=0  objs=  1 tris=   80  x[ -0.95,  0.95] y[ -0.61,  0.61] z[ -4.00,  4.00]
  ok   anatomy.flow_line                      detail=3  objs=  4 tris=  112  x[  0.16,  0.83] y[  0.15,  0.25] z[ -3.01,  3.01]
  ok   anatomy.flow_line                      detail=2  objs=  4 tris=  112  x[  0.16,  0.83] y[  0.15,  0.25] z[ -3.01,  3.01]
  ok   anatomy.flow_line                      detail=1  objs=  2 tris=   40  x[  0.16,  0.83] y[  0.15,  0.25] z[ -3.00,  3.01]
  ok   anatomy.flow_line                      detail=0  objs=  1 tris=   20  x[  0.16,  0.54] y[  0.15,  0.25] z[ -3.00,  3.00]
  ok   anatomy.vein_fan                       detail=3  objs= 13 tris=  720  x[  0.58,  0.93] y[  0.13,  0.37] z[ -0.96,  0.96]
  ok   anatomy.vein_fan                       detail=2  objs=  5 tris=  192  x[  0.72,  0.90] y[  0.13,  0.37] z[ -0.91,  0.06]
  ok   anatomy.vein_fan                       detail=1  objs=  2 tris=   40  x[  0.72,  0.90] y[  0.13,  0.37] z[ -0.91,  0.01]
  ok   anatomy.vein_fan                       detail=0  empty
  ok   anatomy.healed_scar                    detail=3  objs=  5 tris=  308  x[  0.20,  0.40] y[  0.24,  0.65] z[ -1.00,  2.01]
  ok   anatomy.healed_scar                    detail=2  objs=  3 tris=   84  x[  0.22,  0.38] y[  0.24,  0.65] z[ -1.00,  2.01]
  ok   anatomy.healed_scar                    detail=1  objs=  1 tris=   28  x[  0.22,  0.38] y[  0.24,  0.65] z[ -1.01,  2.01]
  ok   anatomy.healed_scar                    detail=0  empty
  ok   anatomy.nacre_pads                     detail=3  objs=  5 tris=  840  x[ -0.28,  0.28] y[  0.18,  0.70] z[ -2.62,  2.62]
  ok   anatomy.nacre_pads                     detail=2  objs=  5 tris=  840  x[ -0.28,  0.28] y[  0.18,  0.70] z[ -2.62,  2.62]
  ok   anatomy.nacre_pads                     detail=1  objs=  5 tris=  560  x[ -0.28,  0.28] y[  0.18,  0.70] z[ -2.62,  2.62]
  ok   anatomy.nacre_pads                     detail=0  objs=  5 tris=  560  x[ -0.28,  0.28] y[  0.18,  0.70] z[ -2.62,  2.62]
  ok   anatomy.grown_lip                      detail=3  objs=  9 tris= 1260  x[ -0.53,  0.50] y[  0.52,  0.77] z[ -0.58,  0.61]
  ok   anatomy.grown_lip                      detail=2  objs=  7 tris=  784  x[ -0.48,  0.50] y[  0.52,  0.77] z[ -0.66,  0.57]
  ok   anatomy.grown_lip                      detail=1  objs=  5 tris=  560  x[ -0.47,  0.50] y[  0.52,  0.77] z[ -0.60,  0.55]
  ok   anatomy.grown_lip                      detail=0  empty
  ok   anatomy.muscle_fold                    detail=3  objs=  6 tris= 1008  x[  0.31,  0.99] y[  0.09,  0.31] z[ -2.60,  2.61]
  ok   anatomy.muscle_fold                    detail=2  objs=  4 tris=  672  x[  0.35,  0.99] y[  0.09,  0.30] z[ -2.42,  2.42]
  ok   anatomy.muscle_fold                    detail=1  objs=  3 tris=  336  x[  0.40,  0.93] y[  0.09,  0.30] z[ -2.22,  2.22]
  ok   anatomy.muscle_fold                    detail=0  empty
  ok   anatomy.muscle_fold self-trim          detail=3  objs=  8 tris= 1344  x[  0.08,  0.99] y[  0.09,  0.31] z[ -3.55,  3.55]
  ok   anatomy.muscle_fold self-trim          detail=2  objs=  5 tris=  840  x[  0.17,  0.95] y[  0.09,  0.31] z[ -3.22,  3.22]
  ok   anatomy.muscle_fold self-trim          detail=1  objs=  4 tris=  448  x[  0.08,  0.97] y[  0.09,  0.30] z[ -3.55,  3.55]
  ok   anatomy.muscle_fold self-trim          detail=0  empty
  ok   anatomy.shark_dorsal                   detail=3  objs=  1 tris=  188  x[ -0.08,  0.08] y[  0.21,  1.77] z[ -0.82,  0.65]
  ok   anatomy.shark_dorsal                   detail=2  objs=  1 tris=  116  x[ -0.08,  0.08] y[  0.21,  1.77] z[ -0.82,  0.65]
  ok   anatomy.shark_dorsal                   detail=1  objs=  1 tris=   76  x[ -0.08,  0.08] y[  0.21,  1.77] z[ -0.82,  0.65]
  ok   anatomy.shark_dorsal                   detail=0  objs=  1 tris=   44  x[ -0.07,  0.07] y[  0.21,  1.77] z[ -0.82,  0.65]
  ok   anatomy.shark_caudal                   detail=3  objs=  2 tris=  376  x[ -0.07,  0.07] y[ -0.51,  0.91] z[  3.19,  5.13]
  ok   anatomy.shark_caudal                   detail=2  objs=  2 tris=  232  x[ -0.07,  0.07] y[ -0.51,  0.91] z[  3.19,  5.13]
  ok   anatomy.shark_caudal                   detail=1  objs=  2 tris=  152  x[ -0.07,  0.07] y[ -0.51,  0.91] z[  3.19,  5.13]
  ok   anatomy.shark_caudal                   detail=0  objs=  2 tris=   88  x[ -0.06,  0.06] y[ -0.51,  0.91] z[  3.19,  5.13]
  ok   anatomy.shark_pectoral                 detail=3  objs=  1 tris=  188  x[  0.47,  2.53] y[ -0.29,  0.07] z[ -1.08,  0.56]
  ok   anatomy.shark_pectoral                 detail=2  objs=  1 tris=  116  x[  0.47,  2.53] y[ -0.29,  0.07] z[ -1.08,  0.56]
  ok   anatomy.shark_pectoral                 detail=1  objs=  1 tris=   76  x[  0.47,  2.53] y[ -0.28,  0.07] z[ -1.08,  0.56]
  ok   anatomy.shark_pectoral                 detail=0  objs=  1 tris=   44  x[  0.47,  2.53] y[ -0.29,  0.07] z[ -1.08,  0.56]
  ok   anatomy.gill_slits                     detail=3  objs= 35 tris= 4760  x[  0.61,  1.00] y[ -0.24,  0.33] z[ -2.41, -0.99]
  ok   anatomy.gill_slits                     detail=2  objs= 35 tris= 3920  x[  0.61,  1.00] y[ -0.24,  0.33] z[ -2.41, -0.99]
  ok   anatomy.gill_slits                     detail=1  objs= 12 tris= 1344  x[  0.66,  0.99] y[ -0.21,  0.33] z[ -2.20, -1.19]
  ok   anatomy.gill_slits                     detail=0  empty
  ok   anatomy.squid_mantle_fins              detail=3  objs=  2 tris=  376  x[ -1.61,  1.61] y[  0.08,  0.22] z[  2.32,  2.96]
  ok   anatomy.squid_mantle_fins              detail=2  objs=  2 tris=  232  x[ -1.61,  1.61] y[  0.08,  0.22] z[  2.32,  2.95]
  ok   anatomy.squid_mantle_fins              detail=1  objs=  2 tris=  152  x[ -1.61,  1.61] y[  0.08,  0.22] z[  2.33,  2.96]
  ok   anatomy.squid_mantle_fins              detail=0  objs=  2 tris=   88  x[ -1.61,  1.61] y[  0.09,  0.21] z[  2.33,  2.93]
  ok   anatomy.squid_arm                      detail=3  objs=  6 tris=  748  x[  0.24,  0.77] y[ -0.47,  0.06] z[  0.76,  2.62]
  ok   anatomy.squid_arm                      detail=2  objs=  4 tris=  452  x[  0.25,  0.77] y[ -0.47,  0.06] z[  0.76,  2.62]
  ok   anatomy.squid_arm                      detail=1  objs=  1 tris=   76  x[  0.24,  0.77] y[ -0.47,  0.06] z[  0.76,  2.62]
  ok   anatomy.squid_arm                      detail=0  objs=  1 tris=   44  x[  0.26,  0.76] y[ -0.47,  0.06] z[  0.76,  2.62]
  ok   anatomy.feeding_tentacle               detail=3  objs=  6 tris=  804  x[  0.13,  0.58] y[ -0.43,  0.07] z[  0.59,  4.01]
  ok   anatomy.feeding_tentacle               detail=2  objs=  5 tris=  620  x[  0.14,  0.58] y[ -0.43,  0.07] z[  0.59,  4.01]
  ok   anatomy.feeding_tentacle               detail=1  objs=  2 tris=  188  x[  0.13,  0.58] y[ -0.43,  0.07] z[  0.59,  4.01]
  ok   anatomy.feeding_tentacle               detail=0  objs=  2 tris=  156  x[  0.15,  0.58] y[ -0.43,  0.07] z[  0.59,  4.01]
  ok   anatomy.sucker_pads                    detail=3  objs=  4 tris=  448  x[  0.42,  0.58] y[ -0.30, -0.19] z[  0.92,  2.28]
  ok   anatomy.sucker_pads                    detail=2  objs=  3 tris=  336  x[  0.42,  0.58] y[ -0.30, -0.19] z[  0.92,  2.28]
  ok   anatomy.sucker_pads                    detail=1  empty
  ok   anatomy.sucker_pads                    detail=0  empty
  ok   anatomy.siphon                         detail=3  objs=  2 tris=  328  x[ -0.16,  0.16] y[ -0.52, -0.09] z[  1.57,  2.37]
  ok   anatomy.siphon                         detail=2  objs=  2 tris=  256  x[ -0.15,  0.15] y[ -0.52, -0.09] z[  1.57,  2.37]
  ok   anatomy.siphon                         detail=1  objs=  2 tris=  188  x[ -0.16,  0.16] y[ -0.52, -0.09] z[  1.57,  2.37]
  ok   anatomy.siphon                         detail=0  objs=  2 tris=  156  x[ -0.14,  0.14] y[ -0.52, -0.09] z[  1.57,  2.37]
  ok   anatomy.octopus_arm                    detail=3  objs=  8 tris= 1048  x[ -0.21,  0.99] y[ -0.51,  0.27] z[ -0.49,  2.03]
  ok   anatomy.octopus_arm                    detail=2  objs=  5 tris=  568  x[ -0.20,  0.98] y[ -0.51,  0.27] z[ -0.49,  2.03]
  ok   anatomy.octopus_arm                    detail=1  objs=  2 tris=  152  x[ -0.21,  0.99] y[ -0.51,  0.27] z[ -0.48,  2.03]
  ok   anatomy.octopus_arm                    detail=0  objs=  2 tris=   88  x[ -0.19,  0.98] y[ -0.51,  0.27] z[ -0.49,  2.03]
  ok   anatomy.interbrachial_web              detail=3  objs=  8 tris= 1504  x[ -0.30,  0.30] y[ -0.23,  0.10] z[ -0.28,  0.34]
  ok   anatomy.interbrachial_web              detail=2  objs=  8 tris=  928  x[ -0.30,  0.30] y[ -0.23,  0.10] z[ -0.28,  0.34]
  ok   anatomy.interbrachial_web              detail=1  objs=  8 tris=  608  x[ -0.30,  0.30] y[ -0.23,  0.10] z[ -0.28,  0.34]
  ok   anatomy.interbrachial_web              detail=0  objs=  8 tris=  352  x[ -0.29,  0.29] y[ -0.23,  0.09] z[ -0.28,  0.34]
  ok   anatomy.travel_arm_tips                detail=3  objs=  8 tris= 1504  x[ -0.30,  0.30] y[ -0.23,  0.10] z[ -0.28,  0.34]
  ok   anatomy.travel_arm_tips                detail=2  objs=  8 tris=  928  x[ -0.30,  0.30] y[ -0.23,  0.10] z[ -0.28,  0.34]
  ok   anatomy.travel_arm_tips                detail=1  objs=  8 tris=  608  x[ -0.30,  0.30] y[ -0.23,  0.10] z[ -0.28,  0.34]
  ok   anatomy.travel_arm_tips                detail=0  objs=  8 tris=  352  x[ -0.29,  0.29] y[ -0.23,  0.09] z[ -0.28,  0.34]
  ok   anatomy.whale_fluke                    detail=3  objs=  2 tris=  376  x[ -1.22,  1.22] y[ -0.08,  0.08] z[  3.10,  3.90]
  ok   anatomy.whale_fluke                    detail=2  objs=  2 tris=  232  x[ -1.22,  1.22] y[ -0.08,  0.08] z[  3.10,  3.90]
  ok   anatomy.whale_fluke                    detail=1  objs=  2 tris=  152  x[ -1.22,  1.22] y[ -0.08,  0.08] z[  3.10,  3.90]
  ok   anatomy.whale_fluke                    detail=0  objs=  2 tris=   88  x[ -1.22,  1.22] y[ -0.07,  0.07] z[  3.10,  3.90]
  ok   anatomy.whale_pectoral humpback        detail=3  objs=  1 tris=  188  x[  0.57,  3.24] y[ -0.38, -0.03] z[ -0.40,  0.99]
  ok   anatomy.whale_pectoral humpback        detail=2  objs=  1 tris=  116  x[  0.57,  3.24] y[ -0.39, -0.03] z[ -0.40,  0.99]
  ok   anatomy.whale_pectoral humpback        detail=1  objs=  1 tris=   76  x[  0.57,  3.24] y[ -0.38, -0.03] z[ -0.40,  0.99]
  ok   anatomy.whale_pectoral humpback        detail=0  objs=  1 tris=   44  x[  0.57,  3.24] y[ -0.38, -0.03] z[ -0.40,  0.99]
  ok   anatomy.whale_pectoral blue            detail=3  objs=  1 tris=  188  x[  0.61,  1.64] y[ -0.18, -0.04] z[ -0.11,  0.59]
  ok   anatomy.whale_pectoral blue            detail=2  objs=  1 tris=  116  x[  0.61,  1.64] y[ -0.18, -0.04] z[ -0.11,  0.59]
  ok   anatomy.whale_pectoral blue            detail=1  objs=  1 tris=   76  x[  0.61,  1.64] y[ -0.18, -0.04] z[ -0.11,  0.59]
  ok   anatomy.whale_pectoral blue            detail=0  objs=  1 tris=   44  x[  0.61,  1.64] y[ -0.18, -0.05] z[ -0.11,  0.59]
  ok   anatomy.dorsal_ridge                   detail=3  objs=  5 tris=  840  x[ -0.15,  0.15] y[  0.24,  0.86] z[ -1.76,  2.15]
  ok   anatomy.dorsal_ridge                   detail=2  objs=  4 tris=  672  x[ -0.15,  0.15] y[  0.25,  0.83] z[ -1.82,  2.19]
  ok   anatomy.dorsal_ridge                   detail=1  objs=  3 tris=  336  x[ -0.15,  0.15] y[  0.25,  0.83] z[ -1.93,  2.25]
  ok   anatomy.dorsal_ridge                   detail=0  objs=  2 tris=  224  x[ -0.15,  0.15] y[  0.30,  0.85] z[ -2.15,  2.37]
  ok   anatomy.blowhole                       detail=3  objs= 11 tris= 1540  x[ -0.35,  0.33] y[  0.36,  0.67] z[ -2.78, -2.00]
  ok   anatomy.blowhole                       detail=2  objs=  8 tris=  952  x[ -0.32,  0.34] y[  0.36,  0.66] z[ -2.83, -2.03]
  ok   anatomy.blowhole                       detail=1  objs=  6 tris=  672  x[ -0.31,  0.34] y[  0.36,  0.66] z[ -2.80, -2.04]
  ok   anatomy.blowhole                       detail=0  empty
  ok   organs.sensory_crown                   detail=3  objs= 40 tris= 1536  x[ -0.62,  0.65] y[ -0.60,  0.79] z[ -4.66, -3.38]
  ok   organs.sensory_crown                   detail=2  objs= 40 tris= 1312  x[ -0.61,  0.65] y[ -0.60,  0.79] z[ -4.66, -3.38]
  ok   organs.sensory_crown                   detail=1  objs= 20 tris=  656  x[ -0.65,  0.65] y[ -0.60,  0.83] z[ -4.66, -3.38]
  ok   organs.sensory_crown                   detail=0  empty
  ok   organs.breathing_vents                 detail=3  objs= 40 tris= 5600  x[ -0.36,  0.37] y[  0.28,  0.78] z[ -1.35,  2.07]
  ok   organs.breathing_vents                 detail=2  objs= 28 tris= 3136  x[ -0.39,  0.38] y[  0.28,  0.78] z[ -1.34,  2.05]
  ok   organs.breathing_vents                 detail=1  objs=  2 tris=  224  x[ -0.30,  0.30] y[  0.48,  0.67] z[ -1.30,  0.20]
  ok   organs.breathing_vents                 detail=0  empty
  ok   organs.belly_chamber                   detail=3  objs=  5 tris=  700  x[ -0.60,  0.60] y[ -0.74, -0.04] z[ -0.40,  1.40]
  ok   organs.belly_chamber                   detail=2  objs=  4 tris=  588  x[ -0.60,  0.60] y[ -0.74, -0.04] z[ -0.40,  1.40]
  ok   organs.belly_chamber                   detail=1  objs=  4 tris=  448  x[ -0.60,  0.60] y[ -0.74, -0.04] z[ -0.40,  1.40]
  ok   organs.belly_chamber                   detail=0  objs=  1 tris=  112  x[ -0.60,  0.60] y[ -0.74, -0.04] z[ -0.40,  1.40]
  ok   organs.sanctuary_hollow                detail=3  objs= 12 tris= 1680  x[  0.14,  0.79] y[ -0.63,  0.58] z[ -0.30,  3.29]
  ok   organs.sanctuary_hollow                detail=2  objs= 10 tris= 1176  x[  0.14,  0.79] y[ -0.63,  0.58] z[ -0.28,  3.28]
  ok   organs.sanctuary_hollow                detail=1  objs=  6 tris=  672  x[  0.14,  0.79] y[ -0.54,  0.58] z[ -0.27,  3.10]
  ok   organs.sanctuary_hollow                detail=0  objs=  1 tris=  112  x[  0.14,  0.69] y[ -0.40,  0.40] z[ -0.10,  3.10]
  ok   organs.nursery_hollow n=1              detail=3  objs= 15 tris= 2072  x[  0.29,  1.36] y[ -0.55,  0.63] z[ -1.34,  2.42]
  ok   organs.nursery_hollow n=1              detail=2  objs= 12 tris= 1400  x[  0.29,  1.36] y[ -0.61,  0.63] z[ -1.24,  2.50]
  ok   organs.nursery_hollow n=1              detail=1  objs=  8 tris=  896  x[  0.29,  1.36] y[ -0.56,  0.63] z[ -1.25,  2.10]
  ok   organs.nursery_hollow n=1              detail=0  objs=  3 tris=  336  x[  0.29,  1.36] y[ -0.40,  0.40] z[ -1.10,  2.10]
  ok   organs.nursery_hollow n=2              detail=3  objs= 18 tris= 2464  x[  0.29,  1.36] y[ -0.58,  0.62] z[ -1.32,  2.39]
  ok   organs.nursery_hollow n=2              detail=2  objs= 14 tris= 1624  x[  0.29,  1.36] y[ -0.62,  0.62] z[ -1.13,  2.39]
  ok   organs.nursery_hollow n=2              detail=1  objs= 10 tris= 1120  x[  0.29,  1.36] y[ -0.53,  0.62] z[ -1.23,  2.44]
  ok   organs.nursery_hollow n=2              detail=0  objs=  5 tris=  560  x[  0.29,  1.36] y[ -0.40,  0.40] z[ -1.13,  2.39]
  ok   organs.companion_craft                 detail=3  objs=  5 tris=  432  x[ -0.36,  0.36] y[  0.18,  0.76] z[  0.74,  3.25]
  ok   organs.companion_craft                 detail=2  objs=  3 tris=  392  x[ -0.36,  0.36] y[  0.18,  0.76] z[  1.01,  3.25]
  ok   organs.companion_craft                 detail=1  objs=  2 tris=  224  x[ -0.36,  0.36] y[  0.18,  0.76] z[  1.01,  3.25]
  ok   organs.companion_craft                 detail=0  objs=  2 tris=  224  x[ -0.36,  0.36] y[  0.18,  0.76] z[  1.01,  3.25]
  ok   organs.garden_fold                     detail=3  objs= 11 tris= 1124  x[ -0.36,  0.36] y[ -0.44,  1.59] z[ -2.27,  2.28]
  ok   organs.garden_fold                     detail=2  objs=  6 tris=  488  x[ -0.38,  0.38] y[ -0.34,  1.62] z[ -1.76,  1.76]
  ok   organs.garden_fold                     detail=1  objs=  1 tris=  112  x[ -0.35,  0.35] y[ -0.24,  1.03] z[ -0.51,  0.51]
  ok   organs.garden_fold                     detail=0  empty
  ok   organs.garden_fold self-trim           detail=3  objs= 11 tris= 1124  x[ -0.72,  0.72] y[ -1.59,  2.10] z[ -4.54,  4.56]
  ok   organs.garden_fold self-trim           detail=2  objs=  6 tris=  488  x[ -0.75,  0.75] y[ -1.34,  2.33] z[ -3.51,  3.51]
  ok   organs.garden_fold self-trim           detail=1  objs=  1 tris=  112  x[ -0.70,  0.70] y[ -1.13,  1.41] z[ -1.01,  1.01]
  ok   organs.garden_fold self-trim           detail=0  empty
  ok   organs.dorsal_mantles                  detail=3  objs=  3 tris= 1080  x[ -0.80,  0.80] y[  0.05,  1.04] z[ -0.90,  1.32]
  ok   organs.dorsal_mantles                  detail=2  objs=  3 tris= 1080  x[ -0.80,  0.80] y[  0.05,  1.04] z[ -0.90,  1.32]
  ok   organs.dorsal_mantles                  detail=1  objs=  3 tris=  504  x[ -0.80,  0.80] y[  0.05,  1.04] z[ -0.90,  1.32]
  ok   organs.dorsal_mantles                  detail=0  objs=  3 tris=  504  x[ -0.80,  0.80] y[  0.05,  1.04] z[ -0.90,  1.32]

BEAUTIFUL PART PROBE: ALL CONSTRUCTS CLEAN
Blender 5.2.0 LTS (hash fbe6228777e7 built 2026-07-14 01:35:40)

Blender quit
