C:\Projects\WebSim\scripts\build-ship-assets.py:85: DeprecationWarning: 'Material.use_nodes' is expected to be removed in Blender 6.0
  value.use_nodes = True
INFO Draco is available, use library at C:\Program Files\Blender Foundation\Blender 5.2\5.2\scripts\addons_core\io_scene_gltf2\bf_intern_draco_bridge.dll
INFO MeshOptimizer is available, use library at C:\Program Files\Blender Foundation\Blender 5.2\5.2\scripts\addons_core\io_scene_gltf2\bf_intern_meshopt_bridge.dll
02:25:07 | INFO: Starting glTF 2.0 export
02:25:07 | INFO: Extracting primitive: Sphere.012
02:25:07 | INFO: Primitives created: 1
02:25:07 | INFO: Extracting primitive: Sphere.107
02:25:07 | INFO: Primitives created: 1
02:25:07 | INFO: Extracting primitive: heavy-body
02:25:07 | INFO: Primitives created: 1
02:25:07 | INFO: Finished glTF 2.0 export in 0.22518491744995117 s

built beautiful/heavy/lod0
C:\Projects\WebSim\scripts\build-ship-assets.py:85: DeprecationWarning: 'Material.use_nodes' is expected to be removed in Blender 6.0
  value.use_nodes = True
Info: Saved as "heavy.blend"
02:25:09 | INFO: Starting glTF 2.0 export
02:25:09 | INFO: Extracting primitive: Sphere.047
02:25:09 | INFO: Primitives created: 1
02:25:09 | INFO: Extracting primitive: Sphere.063
02:25:09 | INFO: Primitives created: 1
02:25:09 | INFO: Extracting primitive: heavy-body
02:25:09 | INFO: Primitives created: 1
02:25:09 | INFO: Finished glTF 2.0 export in 0.058370113372802734 s

built beautiful/heavy/lod1
02:25:10 | INFO: Starting glTF 2.0 export
02:25:10 | INFO: Extracting primitive: Sphere.016
02:25:10 | INFO: Primitives created: 1
02:25:10 | INFO: Extracting primitive: heavy-body
02:25:10 | INFO: Primitives created: 1
02:25:10 | INFO: Finished glTF 2.0 export in 0.0503993034362793 s

built beautiful/heavy/lod2
Blender 5.2.0 LTS (hash fbe6228777e7 built 2026-07-14 01:35:40)

Blender quit
