C:\Projects\WebSim\scripts\build-ship-assets.py:85: DeprecationWarning: 'Material.use_nodes' is expected to be removed in Blender 6.0
  value.use_nodes = True
INFO Draco is available, use library at C:\Program Files\Blender Foundation\Blender 5.2\5.2\scripts\addons_core\io_scene_gltf2\bf_intern_draco_bridge.dll
INFO MeshOptimizer is available, use library at C:\Program Files\Blender Foundation\Blender 5.2\5.2\scripts\addons_core\io_scene_gltf2\bf_intern_meshopt_bridge.dll
02:25:58 | INFO: Starting glTF 2.0 export
02:25:58 | INFO: Extracting primitive: Sphere.070
02:25:58 | INFO: Primitives created: 1
02:25:58 | INFO: Extracting primitive: Sphere.303
02:25:58 | INFO: Primitives created: 1
02:25:58 | INFO: Extracting primitive: frigate.hull
02:25:58 | INFO: Primitives created: 1
02:25:58 | INFO: Finished glTF 2.0 export in 0.31028032302856445 s

built beautiful/frigate/lod0
C:\Projects\WebSim\scripts\build-ship-assets.py:85: DeprecationWarning: 'Material.use_nodes' is expected to be removed in Blender 6.0
  value.use_nodes = True
Info: Saved as "frigate.blend"
02:26:06 | INFO: Starting glTF 2.0 export
02:26:06 | INFO: Extracting primitive: Sphere.044
02:26:06 | INFO: Primitives created: 1
02:26:06 | INFO: Extracting primitive: Sphere.161
02:26:06 | INFO: Primitives created: 1
02:26:06 | INFO: Extracting primitive: frigate.hull
02:26:07 | INFO: Primitives created: 1
02:26:07 | INFO: Finished glTF 2.0 export in 0.14614200592041016 s

built beautiful/frigate/lod1
02:26:08 | INFO: Starting glTF 2.0 export
02:26:08 | INFO: Extracting primitive: Sphere.039
02:26:08 | INFO: Primitives created: 1
02:26:08 | INFO: Extracting primitive: Sphere.065
02:26:08 | INFO: Primitives created: 1
02:26:08 | INFO: Extracting primitive: frigate.hull
02:26:08 | INFO: Primitives created: 1
02:26:08 | INFO: Finished glTF 2.0 export in 0.08144474029541016 s

built beautiful/frigate/lod2
Blender 5.2.0 LTS (hash fbe6228777e7 built 2026-07-14 01:35:40)

Blender quit
