C:\Projects\WebSim\scripts\build-ship-assets.py:85: DeprecationWarning: 'Material.use_nodes' is expected to be removed in Blender 6.0
  value.use_nodes = True
INFO Draco is available, use library at C:\Program Files\Blender Foundation\Blender 5.2\5.2\scripts\addons_core\io_scene_gltf2\bf_intern_draco_bridge.dll
INFO MeshOptimizer is available, use library at C:\Program Files\Blender Foundation\Blender 5.2\5.2\scripts\addons_core\io_scene_gltf2\bf_intern_meshopt_bridge.dll
02:24:32 | INFO: Starting glTF 2.0 export
02:24:32 | INFO: Extracting primitive: Sphere.012
02:24:32 | INFO: Primitives created: 1
02:24:32 | INFO: Extracting primitive: Sphere.124
02:24:32 | INFO: Primitives created: 1
02:24:32 | INFO: Extracting primitive: cutter.hull
02:24:32 | INFO: Primitives created: 1
02:24:32 | INFO: Finished glTF 2.0 export in 0.22929883003234863 s

built beautiful/cutter/lod0
C:\Projects\WebSim\scripts\build-ship-assets.py:85: DeprecationWarning: 'Material.use_nodes' is expected to be removed in Blender 6.0
  value.use_nodes = True
Info: Saved as "cutter.blend"
02:24:36 | INFO: Starting glTF 2.0 export
02:24:36 | INFO: Extracting primitive: Sphere.095
02:24:36 | INFO: Primitives created: 1
02:24:36 | INFO: Extracting primitive: Sphere.113
02:24:36 | INFO: Primitives created: 1
02:24:36 | INFO: Extracting primitive: cutter.hull
02:24:36 | INFO: Primitives created: 1
02:24:36 | INFO: Finished glTF 2.0 export in 0.0922248363494873 s

built beautiful/cutter/lod1
02:24:37 | INFO: Starting glTF 2.0 export
02:24:37 | INFO: Extracting primitive: Sphere.044
02:24:37 | INFO: Primitives created: 1
02:24:37 | INFO: Extracting primitive: Sphere.056
02:24:37 | INFO: Primitives created: 1
02:24:37 | INFO: Extracting primitive: cutter.hull
02:24:37 | INFO: Primitives created: 1
02:24:37 | INFO: Finished glTF 2.0 export in 0.0522153377532959 s

built beautiful/cutter/lod2
Blender 5.2.0 LTS (hash fbe6228777e7 built 2026-07-14 01:35:40)

Blender quit
