{
  "world.fields.jobs": true,
  "world.fields.jobsOnce": true,
  "world.fields.noMissions": true,
  "cap.fromSystems": true,
  "systems.count": true,
  "keep.bounty-ace": true,
  "keep.patrol-lane": true,
  "keep.haul-provisions": true,
  "keep.ferry-consignment": true,
  "keep.mine-freehold-0": true,
  "keep.mine.kind": true,
  "keep.mine.slot": true,
  "keep.mine.origin": true,
  "keep.mine.commodity": true,
  "drop.mine-proto": true,
  "drop.proto": true,
  "drop.constructor": true,
  "drop.bounty-prototype": true,
  "drop.mine-notasystem": true,
  "drop.mine-two-tokens": true,
  "drop.bountyace": true,
  "drop.unknownKeys": true,
  "jobs.array": true,
  "jobs.plain": true,
  "proto.pollutedUndefined": true,
  "payQuoted.clamp": true,
  "payQuoted.keepFerry": true,
  "cap.honestFits": true,
  "cap.honestUnique": true,
  "cap.honestMining": true,
  "cap.overflowLen": true,
  "cap.overflowUnique": true,
  "cap.overflowHonestMining": true,
  "cap.overflowExtraOfferedDropped": true,
  "cap.overflowDoneMiningDropped": true,
  "poison.nonArrayEmpty": true,
  "poison.notNull": true,
  "poison.nullEmpty": true,
  "omit.jobsIsArray": true,
  "omit.jobsEmpty": true,
  "omit.staleDropped": true,
  "omit.notNull": true,
  "proto.afterDefine": true,
  "proto.jobsPlain": true,
  "proto.keptMine": true,
  "proto.jsonDropped": true
}
PASS
{"allTrue":true,"cap":220,"nSys":100,"keepLen":5,"overflowLen":220}
