PASS hail-no-innerHTML
PASS npc-no-innerHTML
PASS hud-toast-textContent
PASS hail-demand-seconds-20
PASS npc-demand-seconds-20
PASS hail-finite-export
PASS hail-pay-finite-debit
PASS hail-card-line
PASS hail-jump-systemLoaded
PASS hail-dock-close
PASS hail-defer-busy
PASS hail-no-paused-write
PASS npc-no-paused-write
PASS npc-player-heave-gated
PASS npc-heave-literal-still-npc-only
PASS npc-close-expired
PASS npc-close-docked
PASS npc-close-voided
PASS npc-no-hailOpened-steal
PASS duel-no-payTribute
PASS duel-ace-run-line
PASS duel-no-heave-to
PASS hud-hailOpened-demand
PASS hud-lookahead-this-ship
PASS hud-no-hailDemand
PASS hud-toast-key
PASS demand-expires-at
PASS hud-parent-body
PASS hud-open-copy
PASS hud-paid-good
PASS hud-jumped-copy
PASS hud-voided-copy
PASS hud-home-mark
PASS hud-pos-home
PASS hud-home-inset
PASS intents-wave30
PASS hail-digits-1-9
PASS clamp-nan
PASS clamp-undef
PASS clamp-neg
PASS clamp-inf
PASS clamp-49
PASS clamp-50
PASS clamp-80.2
PASS clamp-str
PASS debit-ok
PASS debit-floor
PASS debit-nan-credits
PASS debit-skip-nan-credits
PASS debit-skip-nan-demand
50/50 passed
